[theme.madsparrow.me/most/index04b9.html]
[backblue.gif]
[fade.gif]
[index.html]
[theme.madsparrow.me/most/wp-content/plugins/contact-form-7/includes/css/stylesd9cd.css]
[theme.madsparrow.me/most/wp-content/themes/most/assets/css/vendor/bootstrap.min3ba1.css]
[theme.madsparrow.me/most/wp-content/plugins/elementor/assets/lib/swiper/v8/css/swiper.min94a4.css]
[theme.madsparrow.me/most/wp-content/themes/most/assets/css/vendor/magnific-popup3ba1.css]
[theme.madsparrow.me/most/wp-content/themes/most/assets/css/vendor/plyr3ba1.css]
[theme.madsparrow.me/most/feed/index.html]
[theme.madsparrow.me/most/comments/feed/index.html]
[theme.madsparrow.me/most/wp-content/themes/most/assets/css/vendor/fontawesome.min3ba1.css]
[theme.madsparrow.me/most/wp-content/plugins/elementor/assets/lib/eicons/css/elementor-icons.mind54b.css]
[theme.madsparrow.me/most/wp-content/themes/most/assets/css/main3ba1.css]
[theme.madsparrow.me/most/wp-content/plugins/elementor/assets/css/frontend-lite.min3cad.css]
[theme.madsparrow.me/most/wp-content/uploads/elementor/css/post-423bb8.css]
[theme.madsparrow.me/most/wp-content/uploads/elementor/css/post-7824ba3.css]
[theme.madsparrow.me/most/wp-includes/js/jquery/jquery.minf43b.js]
[theme.madsparrow.me/most/wp-includes/js/jquery/jquery-migrate.min5589.js]
[theme.madsparrow.me/most/wp-content/plugins/woocommerce/assets/js/jquery-blockui/jquery.blockUI.minafa4.js]
[theme.madsparrow.me/most/wp-content/plugins/woocommerce/assets/js/frontend/add-to-cart.min3b11.js]
[theme.madsparrow.me/most/wp-content/plugins/woocommerce/assets/js/js-cookie/js.cookie.min0e01.js]
[theme.madsparrow.me/most/wp-content/plugins/woocommerce/assets/js/frontend/woocommerce.min3b11.js]
[theme.madsparrow.me/most/wp-json/wp/v2/pages/782.json]
[theme.madsparrow.me/most/wp-json/index.html]
[theme.madsparrow.me/most/xmlrpc0db0.php]
[theme.madsparrow.me/most/wp-json/oembed/1.0/embedc23b.json]
[theme.madsparrow.me/most/index.html]
[theme.madsparrow.me/most/wp-json/oembed/1.0/embedecbf]
[theme.madsparrow.me/most/wp-content/uploads/2022/09/m_favicon.png]
[theme.madsparrow.me/most/wp-content/uploads/2022/09/most_logo1.svg]
[theme.madsparrow.me/most/wp-content/uploads/2022/09/most_logo2_light.svg]
[theme.madsparrow.me/most/404]
[theme.madsparrow.me/most/home-portfolio/index.html]
[theme.madsparrow.me/most/personal-portfolio/index.html]
[theme.madsparrow.me/most/personal-cv/index.html]
[theme.madsparrow.me/most/creative-agency/index.html]
[theme.madsparrow.me/most/wp-content/uploads/2022/10/most_slide_1.jpg]
[theme.madsparrow.me/most/wp-content/uploads/2022/10/most_slide_3.jpg]
[theme.madsparrow.me/most/business-corporate/index.html]
[theme.madsparrow.me/most/blog-default/index.html]
[theme.madsparrow.me/most/wp-content/plugins/woocommerce/assets/client/blocks/wc-blocksb35e.css]
[theme.madsparrow.me/most/wp-content/plugins/contact-form-7/includes/swv/js/indexd9cd.js]
[theme.madsparrow.me/most/blog-card/index.html]
[theme.madsparrow.me/most/wp-content/plugins/contact-form-7/includes/js/indexd9cd.js]
[theme.madsparrow.me/most/wp-content/plugins/woocommerce/assets/js/sourcebuster/sourcebuster.min3b11.js]
[theme.madsparrow.me/most/blog-list/index.html]
[theme.madsparrow.me/most/wp-content/plugins/woocommerce/assets/js/frontend/order-attribution.min3b11.js]
[theme.madsparrow.me/most/blog-list-3/index.html]
[theme.madsparrow.me/most/wp-includes/js/imagesloaded.minbb93.js]
[theme.madsparrow.me/most/wp-content/themes/most/assets/js/vendor/modernizr3ba1.js]
[theme.madsparrow.me/most/wp-content/themes/most/assets/js/vendor/isotope.pkgd.min3ba1.js]
[theme.madsparrow.me/most/wp-content/themes/most/assets/js/vendor/swiper-bundle.min3ba1.js]
[theme.madsparrow.me/most/wp-content/themes/most/assets/js/vendor/jarallax.min3ba1.js]
[theme.madsparrow.me/most/blog-list-2/index.html]
[theme.madsparrow.me/most/wp-content/themes/most/assets/js/vendor/jarallax-video.min3ba1.js]
[theme.madsparrow.me/most/wp-content/themes/most/assets/js/vendor/video-background3ba1.js]
[theme.madsparrow.me/most/list-style/index.html]
[theme.madsparrow.me/most/wp-content/themes/most/assets/js/vendor/plyr3ba1.js]
[theme.madsparrow.me/most/wp-content/themes/most/assets/js/vendor/jquery.justifiedGallery.min3ba1.js]
[theme.madsparrow.me/most/wp-content/themes/most/assets/js/vendor/fslightbox3ba1.js]
[theme.madsparrow.me/most/wp-content/themes/most/assets/js/vendor/gsap.min3ba1.js]
[theme.madsparrow.me/most/grid-standard/index.html]
[theme.madsparrow.me/most/wp-content/themes/most/assets/js/vendor/scrolltrigger3ba1.js]
[theme.madsparrow.me/most/wp-content/themes/most/assets/js/app3ba1.js]
[theme.madsparrow.me/most/wp-content/plugins/elementor/assets/js/webpack.runtime.min3cad.js]
[theme.madsparrow.me/most/wp-content/plugins/elementor/assets/js/frontend-modules.min3cad.js]
[theme.madsparrow.me/most/wp-content/plugins/elementor/assets/lib/waypoints/waypoints.min05da.js]
[theme.madsparrow.me/most/grid-style-1/index.html]
[theme.madsparrow.me/most/wp-includes/js/jquery/ui/core.minb37e.js]
[theme.madsparrow.me/most/index04b9.html]
[theme.madsparrow.me/most/xmlrpc.php]
[theme.madsparrow.me/most/wp-content/plugins/elementor/assets/js/frontend.min3cad.js]
[theme.madsparrow.me/most/wp-content/plugins/contact-form-7/includes/css/stylesd9cd.css]
[theme.madsparrow.me/most/grid-style-2/index.html]
[theme.madsparrow.me/most/grid-masonry/index.html]
[theme.madsparrow.me/most/about-us/index.html]
[theme.madsparrow.me/most/wp-content/themes/most/assets/css/vendor/bootstrap.min3ba1.css]
[theme.madsparrow.me/most/team/index.html]
[theme.madsparrow.me/most/wp-content/plugins/elementor/assets/lib/swiper/v8/css/swiper.min94a4.css]
[theme.madsparrow.me/most/image-gallery/index.html]
[theme.madsparrow.me/most/services/index.html]
[theme.madsparrow.me/most/contact/index.html]
[theme.madsparrow.me/most/wp-content/themes/most/assets/css/vendor/magnific-popup3ba1.css]
[theme.madsparrow.me/most/shop/index.html]
[theme.madsparrow.me/most/product/run-max-88/index.html]
[theme.madsparrow.me/most/wp-content/themes/most/assets/css/vendor/plyr3ba1.css]
[theme.madsparrow.me/most/wp-content/themes/most/assets/webfonts/fa-brands-400.woff2]
[theme.madsparrow.me/most/wp-content/themes/most/assets/webfonts/fa-brands-400.ttf]
[theme.madsparrow.me/most/cart/index.html]
[theme.madsparrow.me/most/my-account/index.html]
[theme.madsparrow.me/most/wp-content/themes/most/assets/webfonts/fa-regular-400.woff2]
[theme.madsparrow.me/most/wp-content/themes/most/assets/webfonts/fa-regular-400.ttf]
[theme.madsparrow.me/most/wp-content/themes/most/assets/webfonts/fa-solid-900.woff2]
[theme.madsparrow.me/most/wp-content/themes/most/assets/webfonts/fa-solid-900.ttf]
[theme.madsparrow.me/most/wp-content/themes/most/assets/webfonts/fa-v4compatibility.woff2]
[theme.madsparrow.me/most/wp-content/themes/most/assets/webfonts/fa-v4compatibility.ttf]
[theme.madsparrow.me/most/wp-content/themes/most/assets/css/vendor/fontawesome.min3ba1.css]
[theme.madsparrow.me/most/wp-content/themes/most/assets/css/main3ba1.css]
[theme.madsparrow.me/most/wp-content/plugins/elementor/assets/lib/eicons/fonts/eicons8016.eot]
[theme.madsparrow.me/most/wp-content/plugins/elementor/assets/lib/eicons/fonts/eicons8016.woff2]
[theme.madsparrow.me/most/wp-content/plugins/elementor/assets/lib/eicons/fonts/eicons8016.woff]
[theme.madsparrow.me/most/wp-content/plugins/elementor/assets/lib/eicons/fonts/eicons8016.ttf]
[theme.madsparrow.me/most/wp-content/plugins/elementor/assets/lib/eicons/css/elementor-icons.mind54b.css]
[theme.madsparrow.me/most/wp-content/plugins/elementor/assets/css/frontend-lite.min3cad.css]
[theme.madsparrow.me/most/wp-content/uploads/elementor/css/post-423bb8.css]
[theme.madsparrow.me/most/wp-content/uploads/elementor/css/post-7824ba3.css]
[theme.madsparrow.me/most/index.html]
[theme.madsparrow.me/most/wp-content/uploads/2022/09/most_logo1.svg]
[theme.madsparrow.me/most/wp-content/uploads/2022/09/most_logo2_light.svg]
[theme.madsparrow.me/most/wp-content/plugins/elementor/assets/lib/eicons/fonts/eicons8016.svg]
[theme.madsparrow.me/most/wp-json/wp/v2/pages/850.json]
[theme.madsparrow.me/most/wp-json/oembed/1.0/embed9cb2.json]
[theme.madsparrow.me/most/wp-json/oembed/1.0/embeda0de]
[theme.madsparrow.me/most/wp-content/uploads/2022/08/vishwajeet-nishad-pc21vhOv-Uo-unsplash.jpg]
[theme.madsparrow.me/most/wp-content/uploads/2022/08/stock-photo-1052039207.jpg]
[theme.madsparrow.me/most/wp-content/uploads/2022/08/alex-sh-ZsAfhWL6l3c-unsplash.jpg]
[theme.madsparrow.me/most/wp-content/uploads/2022/08/stock-photo-4361436.jpg]
[theme.madsparrow.me/most/wp-content/uploads/2022/08/stock-photo-4173877-1120x747.jpg]
[theme.madsparrow.me/most/wp-content/uploads/2022/08/c-d-x-PDX_a_82obo-unsplash-1120x747.jpg]
[theme.madsparrow.me/most/wp-content/uploads/2022/08/image_processing20210930-18333-14vogmf-1120x840.png]
[theme.madsparrow.me/most/portfolios/freezing-birthday/index.html]
[theme.madsparrow.me/most/wp-content/uploads/2022/08/stock-photo-1040353575.jpg]
[theme.madsparrow.me/most/wp-content/uploads/2022/08/rachit-tank-2cFZ_FB08UM-unsplash-1120x814.jpg]
[theme.madsparrow.me/most/wp-content/uploads/elementor/css/post-589036e.css]
[theme.madsparrow.me/most/wp-content/plugins/elementor/assets/lib/font-awesome/css/fontawesome.min52d5.css]
[theme.madsparrow.me/most/home-portfolio/index.html]
[theme.madsparrow.me/most/portfolios/stream-shop/index.html]
[theme.madsparrow.me/most/wp-content/uploads/elementor/css/post-1107a3e3.css]
[theme.madsparrow.me/most/portfolios/random-risk/index.html]
[theme.madsparrow.me/most/portfolios/share-spark/index.html]
[theme.madsparrow.me/most/wp-json/wp/v2/pages/1107.json]
[theme.madsparrow.me/most/portfolios/wiggly-finger/index.html]
[theme.madsparrow.me/most/portfolios/subsequent-sneeze/index.html]
[theme.madsparrow.me/most/portfolios/color-current/index.html]
[theme.madsparrow.me/most/wp-json/oembed/1.0/embed0555.json]
[theme.madsparrow.me/most/portfolios/the-dark-side/index.html]
[theme.madsparrow.me/most/portfolios/justice-robot/index.html]
[theme.madsparrow.me/most/wp-json/oembed/1.0/embedd5bc]
[theme.madsparrow.me/most/wp-content/uploads/2022/10/most_personal_bg.png]
[theme.madsparrow.me/most/personal-portfolio/index.html]
[theme.madsparrow.me/most/wp-content/plugins/elementor/assets/css/widget-icon-list.min.css]
[theme.madsparrow.me/most/wp-content/uploads/elementor/css/post-17183bb8.css]
[theme.madsparrow.me/most/wp-json/wp/v2/pages/1718.json]
[theme.madsparrow.me/most/wp-json/oembed/1.0/embed6e0d.json]
[theme.madsparrow.me/most/wp-json/oembed/1.0/embedfb02]
[theme.madsparrow.me/most/wp-content/uploads/2022/10/blurred-silhouette-man-looking-aside_most-719x1024.jpg]
[theme.madsparrow.me/most/wp-content/uploads/2022/10/align-vertically.svg]
[theme.madsparrow.me/most/wp-content/uploads/2022/10/camera.svg]
[theme.madsparrow.me/most/wp-content/uploads/2022/10/most_logo_partner_4.png]
[theme.madsparrow.me/most/wp-content/uploads/2022/10/most_logo_partner_7.png]
[theme.madsparrow.me/most/wp-content/uploads/2022/10/most_logo_partner_3.png]
[theme.madsparrow.me/most/wp-content/uploads/2022/10/most_logo_partner_1.png]
[theme.madsparrow.me/most/wp-content/uploads/2022/10/most_logo_partner_5.png]
[theme.madsparrow.me/most/wp-content/uploads/2022/10/most_logo_partner_2.png]
[theme.madsparrow.me/most/wp-content/uploads/2022/10/most_logo_partner_9.png]
[theme.madsparrow.me/most/wp-content/uploads/2022/10/most_logo_partner_8.png]
[theme.madsparrow.me/most/wp-content/uploads/2022/10/most_logo_partner_6.png]
[theme.madsparrow.me/most/personal-cv/index.html]
[theme.madsparrow.me/most/wp-content/uploads/elementor/css/post-8525233.css]
[theme.madsparrow.me/most/wp-json/wp/v2/pages/852.json]
[theme.madsparrow.me/most/wp-json/oembed/1.0/embed1c94.json]
[theme.madsparrow.me/most/wp-json/oembed/1.0/embed2358]
[theme.madsparrow.me/most/wp-content/uploads/2022/11/stock-photo-1055827897.jpg]
[theme.madsparrow.me/most/wp-content/uploads/2022/10/back-view-content-creator-working-home-office-during-night-time-video-editor-home-office-1.jpg]
[theme.madsparrow.me/most/creative-agency/index.html]
[theme.madsparrow.me/most/wp-content/uploads/2022/10/video-play.svg]
[theme.madsparrow.me/most/wp-content/uploads/elementor/css/post-856b5c3.css]
[theme.madsparrow.me/most/wp-json/wp/v2/pages/856.json]
[theme.madsparrow.me/most/wp-json/oembed/1.0/embed5d76.json]
[theme.madsparrow.me/most/wp-json/oembed/1.0/embed7a9f]
[theme.madsparrow.me/most/wp-content/uploads/2022/10/most_Master-Avatar-3.png]
[theme.madsparrow.me/most/wp-content/uploads/2022/10/most_Master-Avatar-2.png]
[theme.madsparrow.me/most/wp-content/uploads/2022/10/most_Master-Avatar.png]
[theme.madsparrow.me/most/wp-content/uploads/2022/08/cement-street-financial-downtown-shanghai-travel.jpg]
[theme.madsparrow.me/most/wp-content/uploads/2022/08/interior-concept-memphis-design-colorful-armchair-with-console-prop-3d-render_156429-415.jpg]
[theme.madsparrow.me/most/ui-vs-ux-whats-the-difference/index.html]
[theme.madsparrow.me/most/wp-content/uploads/2022/08/stock-photo-1036415740.jpg]
[theme.madsparrow.me/most/business-corporate/index.html]
[theme.madsparrow.me/most/category/design/index.html]
[theme.madsparrow.me/most/wp-content/uploads/elementor/css/post-1222152.css]
[theme.madsparrow.me/most/category/events/index.html]
[theme.madsparrow.me/most/category/uncategorized/index.html]
[theme.madsparrow.me/most/ux-design-is-shifting-towards-realism/index.html]
[theme.madsparrow.me/most/best-tools-to-collect-design-inspiration-for-designers/index.html]
[theme.madsparrow.me/most/wp-json/wp/v2/pages/122.json]
[theme.madsparrow.me/most/category/photography/index.html]
[theme.madsparrow.me/most/wp-json/oembed/1.0/embed8fb2.json]
[theme.madsparrow.me/most/wp-json/oembed/1.0/embed2c2f]
[theme.madsparrow.me/most/wp-content/uploads/2022/08/cement-street-financial-downtown-shanghai-travel-1210x684.jpg]
[theme.madsparrow.me/most/wp-content/uploads/2022/08/interior-concept-memphis-design-colorful-armchair-with-console-prop-3d-render_156429-415-1210x684.jpg]
[theme.madsparrow.me/most/wp-content/uploads/2022/08/stock-photo-1036415740-1210x684.jpg]
[theme.madsparrow.me/most/wp-content/uploads/2022/08/sebastian-banasiewcz-CMs6ZGOdyho-unsplash-1210x684.jpg]
[theme.madsparrow.me/most/wp-content/uploads/2022/08/cement-street-financial-downtown-shanghai-travel-90x90.jpg]
[theme.madsparrow.me/most/wp-content/uploads/2022/08/interior-concept-memphis-design-colorful-armchair-with-console-prop-3d-render_156429-415-90x90.jpg]
[theme.madsparrow.me/most/wp-content/uploads/2022/08/stock-photo-1036415740-90x90.jpg]
[theme.madsparrow.me/most/author/mad-sparrow/index.html]
[theme.madsparrow.me/most/wp-content/uploads/2022/08/sebastian-banasiewcz-CMs6ZGOdyho-unsplash-90x90.jpg]
[theme.madsparrow.me/most/wp-content/uploads/2022/08/portrait-beautiful-blonde-barbie-woman-perfect-makeup-tongue-sexy-licking-lip-donuts-earrings-90x90.jpg]
[theme.madsparrow.me/most/blog-default/index.html]
[theme.madsparrow.me/most/wp-content/plugins/mailchimp-for-wp/assets/js/formsc8f9.js]
[theme.madsparrow.me/most/how-to-create-a-nft-project-and-get-a-6000000/index.html]
[theme.madsparrow.me/most/blog-default/page/2/index.html]
[theme.madsparrow.me/most/blog-default/page/3/index.html]
[theme.madsparrow.me/most/top-10-things-to-keep-in-mind/index.html]
[theme.madsparrow.me/most/wp-content/uploads/elementor/css/post-1485407.css]
[theme.madsparrow.me/most/category/wordpress/index.html]
[theme.madsparrow.me/most/tag/design/index.html]
[theme.madsparrow.me/most/wp-json/wp/v2/pages/148.json]
[theme.madsparrow.me/most/tag/life-style/index.html]
[theme.madsparrow.me/most/tag/news/index.html]
[theme.madsparrow.me/most/tag/nft/index.html]
[theme.madsparrow.me/most/wp-json/oembed/1.0/embedfc3c.json]
[theme.madsparrow.me/most/tag/photography/index.html]
[theme.madsparrow.me/most/tag/realism/index.html]
[theme.madsparrow.me/most/tag/things/index.html]
[theme.madsparrow.me/most/tag/travel/index.html]
[theme.madsparrow.me/most/wp-json/oembed/1.0/embed4c23]
[theme.madsparrow.me/most/wp-content/uploads/2022/08/sebastian-banasiewcz-CMs6ZGOdyho-unsplash.jpg]
[theme.madsparrow.me/most/tag/trend/index.html]
[theme.madsparrow.me/most/tag/ux-ui-design/index.html]
[theme.madsparrow.me/most/wp-content/uploads/2022/08/portrait-beautiful-blonde-barbie-woman-perfect-makeup-tongue-sexy-licking-lip-donuts-earrings.jpg]
[theme.madsparrow.me/most/blog-card/index.html]
[theme.madsparrow.me/most/wp-content/uploads/elementor/css/post-131b4c3.css]
[theme.madsparrow.me/most/wp-content/uploads/2022/08/fashionable-spacious-apartment-with-stylish-design-green-grey-white-pastel-colors-with-big-window-decorative-walls-bedroom-kitchen-space_267786-383.8e.delaye]
[theme.madsparrow.me/most/the-biggest-design-trends-of-2022/index.html]
[theme.madsparrow.me/most/wp-json/wp/v2/pages/131.json]
[theme.madsparrow.me/most/blog-card/page/2/index.html]
[theme.madsparrow.me/most/wp-json/oembed/1.0/embedd587.json]
[theme.madsparrow.me/most/blog-list/index.html]
[theme.madsparrow.me/most/wp-json/oembed/1.0/embed1674]
[theme.madsparrow.me/most/wp-content/uploads/elementor/css/post-14386bd.css]
[theme.madsparrow.me/most/wp-json/wp/v2/pages/143.json]
[theme.madsparrow.me/most/blog-list/page/3/index.html]
[theme.madsparrow.me/most/blog-list/page/2/index.html]
[theme.madsparrow.me/most/wp-json/oembed/1.0/embeddd11.json]
[theme.madsparrow.me/most/blog-list-3/index.html]
[theme.madsparrow.me/most/wp-json/oembed/1.0/embedec93]
[theme.madsparrow.me/most/wp-content/uploads/elementor/css/post-136cf6c.css]
[theme.madsparrow.me/most/blog-list-3/page/3/index.html]
[theme.madsparrow.me/most/blog-list-3/page/2/index.html]
[theme.madsparrow.me/most/wp-json/wp/v2/pages/136.json]
[theme.madsparrow.me/most/wp-json/oembed/1.0/embed6bcf.json]
[theme.madsparrow.me/most/blog-list-2/index.html]
[theme.madsparrow.me/most/wp-json/oembed/1.0/embed58fc]
[theme.madsparrow.me/most/wp-content/uploads/elementor/css/post-7352af.css]
[theme.madsparrow.me/most/wp-json/wp/v2/pages/73.json]
[theme.madsparrow.me/most/blog-list-2/page/3/index.html]
[theme.madsparrow.me/most/blog-list-2/page/2/index.html]
[theme.madsparrow.me/most/wp-json/oembed/1.0/embedf866.json]
[theme.madsparrow.me/most/wp-json/oembed/1.0/embeda41e]
[theme.madsparrow.me/most/wp-content/uploads/2022/08/vishwajeet-nishad-pc21vhOv-Uo-unsplash-500x288.jpg]
[theme.madsparrow.me/most/wp-content/uploads/2022/08/stock-photo-1052039207-500x288.jpg]
[theme.madsparrow.me/most/wp-content/uploads/2022/08/alex-sh-ZsAfhWL6l3c-unsplash-500x288.jpg]
[theme.madsparrow.me/most/wp-content/uploads/2022/08/stock-photo-4361436-500x288.jpg]
[theme.madsparrow.me/most/wp-content/uploads/2022/08/stock-photo-4173877-500x288.jpg]
[theme.madsparrow.me/most/wp-content/uploads/2022/08/c-d-x-PDX_a_82obo-unsplash-500x288.jpg]
[theme.madsparrow.me/most/list-style/index.html]
[theme.madsparrow.me/most/wp-content/plugins/elementor/assets/lib/animations/animations.min3cad.css]
[theme.madsparrow.me/most/wp-content/uploads/elementor/css/post-104a530.css]
[theme.madsparrow.me/most/wp-json/wp/v2/pages/104.json]
[theme.madsparrow.me/most/wp-json/oembed/1.0/embed3476.json]
[theme.madsparrow.me/most/grid-standard/index.html]
[theme.madsparrow.me/most/wp-json/oembed/1.0/embed4a2e]
[theme.madsparrow.me/most/wp-content/uploads/elementor/css/post-25337a4.css]
[theme.madsparrow.me/most/wp-json/wp/v2/pages/253.json]
[theme.madsparrow.me/most/wp-json/oembed/1.0/embedc9ea.json]
[theme.madsparrow.me/most/grid-style-1/index.html]
[theme.madsparrow.me/most/wp-json/oembed/1.0/embeddba7]
[theme.madsparrow.me/most/wp-content/uploads/elementor/css/post-234196f.css]
[theme.madsparrow.me/most/wp-json/wp/v2/pages/234.json]
[theme.madsparrow.me/most/wp-json/oembed/1.0/embed8f7a.json]
[theme.madsparrow.me/most/grid-style-2/index.html]
[theme.madsparrow.me/most/wp-json/oembed/1.0/embed20fc]
[theme.madsparrow.me/most/wp-content/uploads/elementor/css/post-451533b.css]
[theme.madsparrow.me/most/wp-json/wp/v2/pages/451.json]
[theme.madsparrow.me/most/wp-json/oembed/1.0/embed47dc.json]
[theme.madsparrow.me/most/wp-json/oembed/1.0/embedff81]
[theme.madsparrow.me/most/wp-content/uploads/2022/10/most_bg-13.png]
[theme.madsparrow.me/most/grid-masonry/index.html]
[theme.madsparrow.me/most/wp-content/uploads/elementor/css/post-19620e7e.css]
[theme.madsparrow.me/most/wp-json/wp/v2/pages/1962.json]
[theme.madsparrow.me/most/wp-json/oembed/1.0/embedb5e2.json]
[theme.madsparrow.me/most/wp-json/oembed/1.0/embed6a08]
[theme.madsparrow.me/most/wp-content/uploads/2022/10/most_about_us_1.png]
[theme.madsparrow.me/most/wp-content/uploads/2022/10/most_team_3_2.jpg]
[theme.madsparrow.me/most/wp-content/uploads/2022/10/most_team_4_2.jpg]
[theme.madsparrow.me/most/wp-content/uploads/2022/10/most_team_6_2.jpg]
[theme.madsparrow.me/most/wp-content/uploads/2022/10/most_team_1_2.jpg]
[theme.madsparrow.me/most/wp-content/uploads/2022/10/most_team_2_2.jpg]
[theme.madsparrow.me/most/wp-content/uploads/2022/10/most_team_5_2.jpg]
[theme.madsparrow.me/most/about-us/index.html]
[theme.madsparrow.me/most/wp-content/uploads/elementor/css/post-2221b09f.css]
[theme.madsparrow.me/most/wp-json/wp/v2/pages/2221.json]
[theme.madsparrow.me/most/wp-json/oembed/1.0/embed50aa.json]
[theme.madsparrow.me/most/team/index.html]
[theme.madsparrow.me/most/wp-json/oembed/1.0/embed973d]
[theme.madsparrow.me/most/wp-content/uploads/elementor/css/post-2333dcf2.css]
[theme.madsparrow.me/most/wp-json/wp/v2/pages/2333.json]
[theme.madsparrow.me/most/wp-json/oembed/1.0/embed2002.json]
[theme.madsparrow.me/most/wp-json/oembed/1.0/embed7136]
[theme.madsparrow.me/most/wp-content/uploads/2022/07/full-shot-travel-concept-with-landmarks.jpg]
[theme.madsparrow.me/most/wp-content/uploads/2022/08/dee-copper-and-wild-XJBC_7VY37k-unsplash.jpg]
[theme.madsparrow.me/most/wp-content/uploads/2022/08/charming-relaxed-gentle-young-woman.jpg]
[theme.madsparrow.me/most/wp-content/uploads/2022/10/blurred-silhouette-man-looking-aside_most-scaled.jpg]
[theme.madsparrow.me/most/wp-content/uploads/2022/08/rachit-tank-2cFZ_FB08UM-unsplash-scaled.jpg]
[theme.madsparrow.me/most/wp-content/uploads/2022/08/image_processing20210930-18333-14vogmf.png]
[theme.madsparrow.me/most/wp-content/uploads/2022/08/c-d-x-PDX_a_82obo-unsplash.jpg]
[theme.madsparrow.me/most/wp-content/uploads/2022/08/stock-photo-4173877.jpg]
[theme.madsparrow.me/most/image-gallery/index.html]
[theme.madsparrow.me/most/wp-content/uploads/elementor/css/post-2419b39b.css]
[theme.madsparrow.me/most/wp-json/wp/v2/pages/2419.json]
[theme.madsparrow.me/most/wp-json/oembed/1.0/embed622c.json]
[theme.madsparrow.me/most/wp-json/oembed/1.0/embedc93e]
[theme.madsparrow.me/most/wp-content/uploads/2022/11/stock-photo-1040234435.jpg]
[theme.madsparrow.me/most/services/index.html]
[theme.madsparrow.me/most/404.html]
[theme.madsparrow.me/most/wp-content/uploads/elementor/css/post-7674cb1.css]
[theme.madsparrow.me/most/wp-json/wp/v2/pages/767.json]
[theme.madsparrow.me/most/wp-json/oembed/1.0/embed8b43.json]
[theme.madsparrow.me/most/contact/index.html]
[theme.madsparrow.me/most/wp-json/oembed/1.0/embedc84d]
[theme.madsparrow.me/most/wp-includes/css/dist/block-library/style.min109c.css]
[theme.madsparrow.me/most/wp-content/uploads/2022/09/cat1.jpg]
[theme.madsparrow.me/most/wp-content/uploads/2022/09/cat4.jpg]
[theme.madsparrow.me/most/wp-content/uploads/2022/09/cat2.jpg]
[theme.madsparrow.me/most/shop/feed/index.html]
[theme.madsparrow.me/most/wp-content/uploads/2022/09/cat3.jpg]
[theme.madsparrow.me/most/wp-content/uploads/2022/09/Untitled-3.jpg]
[theme.madsparrow.me/most/product-category/run/index.html]
[theme.madsparrow.me/most/wp-content/uploads/2022/09/Untitled-5.jpg]
[theme.madsparrow.me/most/wp-content/uploads/2022/09/Untitled-2.jpg]
[theme.madsparrow.me/most/wp-content/uploads/2022/09/Untitled-4.jpg]
[theme.madsparrow.me/most/wp-content/uploads/2022/09/Untitled-6.jpg]
[theme.madsparrow.me/most/wp-content/uploads/2022/09/Untitled-7.jpg]
[theme.madsparrow.me/most/product-category/training/index.html]
[theme.madsparrow.me/most/wp-content/uploads/2022/09/Untitled-1.jpg]
[theme.madsparrow.me/most/wp-includes/js/jquery/ui/mouse.minb37e.js]
[theme.madsparrow.me/most/wp-includes/js/jquery/ui/slider.minb37e.js]
[theme.madsparrow.me/most/product-category/walking/index.html]
[theme.madsparrow.me/most/wp-content/plugins/woocommerce/assets/js/jquery-ui-touch-punch/jquery-ui-touch-punch.min3b11.js]
[theme.madsparrow.me/most/wp-content/plugins/woocommerce/assets/js/accounting/accounting.minaffb.js]
[theme.madsparrow.me/most/shop/index.html]
[theme.madsparrow.me/most/wp-content/plugins/woocommerce/assets/js/frontend/price-slider.min3b11.js]
[theme.madsparrow.me/most/wp-content/plugins/woocommerce/assets/js/flexslider/jquery.flexslider.min2f39.js]
[theme.madsparrow.me/most/wp-content/plugins/woocommerce/assets/js/frontend/single-product.min3b11.js]
[theme.madsparrow.me/most/product-category/workout/index.html]
[theme.madsparrow.me/most/shop/index42bb.html]
[theme.madsparrow.me/most/product/workout-revolution-2/index.html]
[theme.madsparrow.me/most/shop/indexac03.html]
[theme.madsparrow.me/most/wp-json/wp/v2/product/470.json]
[theme.madsparrow.me/most/shop/indexbd18.html]
[theme.madsparrow.me/most/product/kl-17-bs/index.html]
[theme.madsparrow.me/most/product/flex-armour/index.html]
[theme.madsparrow.me/most/shop/indexb529.html]
[theme.madsparrow.me/most/wp-json/oembed/1.0/embed7abf.json]
[theme.madsparrow.me/most/product/men-vision-trainers/index.html]
[theme.madsparrow.me/most/shop/index7d1e.html]
[theme.madsparrow.me/most/product/react-falcon-3-0/index.html]
[theme.madsparrow.me/most/shop/index9413.html]
[theme.madsparrow.me/most/wp-json/oembed/1.0/embed063f]
[theme.madsparrow.me/most/shop/page/2/index.html]
[theme.madsparrow.me/most/product/summit-walking/index.html]
[theme.madsparrow.me/most/product/run-max-88/index.html]
[theme.madsparrow.me/most/wp-includes/js/comment-reply.min109c.js]
[theme.madsparrow.me/most/product-category/uncategorized/index.html]
[theme.madsparrow.me/most/product-tag/life/index.html]
[theme.madsparrow.me/most/product-tag/move/index.html]
[theme.madsparrow.me/most/wp-content/plugins/woocommerce/assets/css/select23b11.css]
[theme.madsparrow.me/most/product-tag/sport/index.html]
[theme.madsparrow.me/most/wp-content/plugins/woocommerce/assets/js/frontend/country-select.min3b11.js]
[theme.madsparrow.me/most/product-tag/trainers/index.html]
[theme.madsparrow.me/most/product/run-max-88/feed/index.html]
[theme.madsparrow.me/most/wp-content/plugins/woocommerce/assets/js/frontend/address-i18n.min3b11.js]
[theme.madsparrow.me/most/wp-content/plugins/woocommerce/assets/js/frontend/cart.min3b11.js]
[theme.madsparrow.me/most/wp-content/plugins/woocommerce/assets/js/selectWoo/selectWoo.full.minb940.js]
[theme.madsparrow.me/most/wp-json/wp/v2/pages/283.json]
[theme.madsparrow.me/most/product/run-max-88/index7d1e.html]
[theme.madsparrow.me/most/product/run-max-88/index6554.html]
[theme.madsparrow.me/most/product/run-max-88/indexac03.html]
[theme.madsparrow.me/most/product/run-max-88/indexbd18.html]
[theme.madsparrow.me/most/wp-json/oembed/1.0/embedea3b.json]
[theme.madsparrow.me/most/cart/index.html]
[theme.madsparrow.me/most/checkout/index.html]
[theme.madsparrow.me/most/wp-json/oembed/1.0/embedec00]
[theme.madsparrow.me/most/wp-json/wp/v2/pages/285.json]
[theme.madsparrow.me/most/wp-json/oembed/1.0/embed1255.json]
[theme.madsparrow.me/most/my-account/index.html]
[theme.madsparrow.me/most/wp-content/plugins/woocommerce/assets/client/blocks/wc-blocksb35e.css]
[theme.madsparrow.me/most/wp-json/oembed/1.0/embed8919]
[theme.madsparrow.me/most/wp-content/plugins/elementor/assets/lib/eicons/fonts/eicons8016.svg]
[theme.madsparrow.me/most/wp-content/uploads/elementor/css/post-85023fa.css]
[theme.madsparrow.me/most/indexfe6b.html]
[theme.madsparrow.me/most/wp-content/uploads/elementor/css/post-56385b.css]
[theme.madsparrow.me/most/my-account/lost-password/index.html]
[theme.madsparrow.me/most/wp-json/wp/v2/portfolios/56.json]
[theme.madsparrow.me/most/wp-json/oembed/1.0/embedc688.json]
[theme.madsparrow.me/most/wp-json/oembed/1.0/embed5fdf]
[theme.madsparrow.me/most/wp-content/uploads/2022/08/stock-photo-176343593.jpg]
[theme.madsparrow.me/most/portfolios/freezing-birthday/index.html]
[theme.madsparrow.me/most/wp-content/uploads/elementor/css/post-55dff9.css]
[theme.madsparrow.me/most/wp-json/wp/v2/portfolios/55.json]
[theme.madsparrow.me/most/wp-json/oembed/1.0/embedc9dd.json]
[theme.madsparrow.me/most/wp-json/oembed/1.0/embed543c]
[theme.madsparrow.me/most/wp-content/uploads/2022/08/1212.jpg]
[theme.madsparrow.me/most/wp-content/uploads/2022/08/1802.jpg]
[theme.madsparrow.me/most/wp-content/uploads/2022/08/114.jpg]
[theme.madsparrow.me/most/wp-content/uploads/2022/08/702.jpg]
[theme.madsparrow.me/most/portfolios/stream-shop/index.html]
[theme.madsparrow.me/most/wp-content/uploads/elementor/css/post-542470.css]
[theme.madsparrow.me/most/wp-json/wp/v2/portfolios/54.json]
[theme.madsparrow.me/most/wp-json/oembed/1.0/embedaf0c.json]
[theme.madsparrow.me/most/wp-json/oembed/1.0/embed57f8]
[theme.madsparrow.me/most/wp-content/uploads/2022/08/stock-photo-199673261.jpg]
[theme.madsparrow.me/most/wp-content/uploads/2022/08/stock-photo-1036091890.jpg]
[theme.madsparrow.me/most/portfolios/random-risk/index.html]
[theme.madsparrow.me/most/wp-content/uploads/elementor/css/post-5307b2.css]
[theme.madsparrow.me/most/wp-json/wp/v2/portfolios/53.json]
[theme.madsparrow.me/most/wp-json/oembed/1.0/embed0e91.json]
[theme.madsparrow.me/most/portfolios/share-spark/index.html]
[theme.madsparrow.me/most/wp-json/oembed/1.0/embed0f82]
[theme.madsparrow.me/most/wp-content/uploads/elementor/css/post-5167ae.css]
[theme.madsparrow.me/most/wp-json/wp/v2/portfolios/51.json]
[theme.madsparrow.me/most/wp-json/oembed/1.0/embedba1e.json]
[theme.madsparrow.me/most/portfolios/wiggly-finger/index.html]
[theme.madsparrow.me/most/wp-json/oembed/1.0/embedb451]
[theme.madsparrow.me/most/wp-content/uploads/elementor/css/post-5038a9.css]
[theme.madsparrow.me/most/wp-json/wp/v2/portfolios/50.json]
[theme.madsparrow.me/most/wp-json/oembed/1.0/embed4789.json]
[theme.madsparrow.me/most/portfolios/subsequent-sneeze/index.html]
[theme.madsparrow.me/most/wp-json/oembed/1.0/embedf1ed]
[theme.madsparrow.me/most/wp-content/uploads/elementor/css/post-4982c2.css]
[theme.madsparrow.me/most/wp-json/wp/v2/portfolios/49.json]
[theme.madsparrow.me/most/wp-json/oembed/1.0/embed31e7.json]
[theme.madsparrow.me/most/portfolios/color-current/index.html]
[theme.madsparrow.me/most/wp-json/oembed/1.0/embed491c]
[theme.madsparrow.me/most/wp-content/uploads/elementor/css/post-48f02c.css]
[theme.madsparrow.me/most/wp-json/wp/v2/portfolios/48.json]
[theme.madsparrow.me/most/wp-json/oembed/1.0/embeda7ae.json]
[theme.madsparrow.me/most/portfolios/justice-robot/index.html]
[theme.madsparrow.me/most/wp-json/oembed/1.0/embed6caf]
[theme.madsparrow.me/most/wp-content/uploads/elementor/css/post-47e85a.css]
[theme.madsparrow.me/most/wp-json/wp/v2/portfolios/47.json]
[theme.madsparrow.me/most/wp-json/oembed/1.0/embedf366.json]
[theme.madsparrow.me/most/portfolios/the-dark-side/index.html]
[theme.madsparrow.me/most/wp-content/uploads/elementor/css/post-589036e.css]
[theme.madsparrow.me/most/wp-content/plugins/elementor/assets/lib/font-awesome/css/fontawesome.min52d5.css]
[theme.madsparrow.me/most/wp-json/oembed/1.0/embed0579]
[theme.madsparrow.me/most/wp-content/plugins/elementor/assets/lib/font-awesome/webfonts/fa-solid-900.eot]
[theme.madsparrow.me/most/wp-content/plugins/elementor/assets/lib/font-awesome/webfonts/fa-solid-900d41d.eot]
[theme.madsparrow.me/most/wp-content/plugins/elementor/assets/lib/font-awesome/webfonts/fa-solid-900.woff2]
[theme.madsparrow.me/most/wp-content/plugins/elementor/assets/lib/font-awesome/webfonts/fa-solid-900.woff]
[theme.madsparrow.me/most/wp-content/plugins/elementor/assets/lib/font-awesome/webfonts/fa-solid-900.ttf]
[theme.madsparrow.me/most/wp-content/plugins/elementor/assets/lib/font-awesome/css/solid.min52d5.css]
[theme.madsparrow.me/most/wp-content/uploads/2022/10/most_personal_bg_2.png]
[theme.madsparrow.me/most/wp-content/uploads/elementor/css/post-1107a3e3.css]
[theme.madsparrow.me/most/index3e52.html]
[theme.madsparrow.me/most/wp-content/plugins/elementor/assets/css/widget-icon-list.min.css]
[theme.madsparrow.me/most/wp-content/uploads/elementor/css/post-17183bb8.css]
[theme.madsparrow.me/most/indexb833.html]
[theme.madsparrow.me/most/wp-content/uploads/2022/10/code-1.svg]
[theme.madsparrow.me/most/wp-content/uploads/2022/10/layer.svg]
[theme.madsparrow.me/most/wp-content/uploads/2022/10/align-vertically.svg]
[theme.madsparrow.me/most/wp-content/uploads/2022/10/camera.svg]
[theme.madsparrow.me/most/wp-content/uploads/elementor/css/post-8525233.css]
[theme.madsparrow.me/most/index914d.html]
[theme.madsparrow.me/most/wp-content/uploads/2022/10/code-2.svg]
[theme.madsparrow.me/most/wp-content/uploads/2022/10/video-play.svg]
[theme.madsparrow.me/most/wp-content/plugins/elementor/assets/lib/font-awesome/webfonts/fa-solid-900.svg]
[theme.madsparrow.me/most/wp-content/uploads/elementor/css/post-856b5c3.css]
[theme.madsparrow.me/most/index763e.html]
[theme.madsparrow.me/most/wp-content/uploads/2022/10/elipse_bg_most.svg]
[theme.madsparrow.me/most/wp-json/wp/v2/posts/29.json]
[theme.madsparrow.me/most/ui-vs-ux-whats-the-difference/feed/index.html]
[theme.madsparrow.me/most/wp-json/oembed/1.0/embed94d5.json]
[theme.madsparrow.me/most/wp-json/oembed/1.0/embed70d4]
[theme.madsparrow.me/most/wp-content/uploads/2022/08/dee-copper-and-wild-XJBC_7VY37k-unsplash-400x268.jpg]
[theme.madsparrow.me/most/ui-vs-ux-whats-the-difference/index.html]
[theme.madsparrow.me/most/wp-content/uploads/2022/08/fashionable-spacious-apartment-with-stylish-design-green-grey-white-pastel-colors-with-big-window-decorative-walls-bedroom-kitchen-space_267786-383-400x268.1]
[theme.madsparrow.me/most/category/design/index.html]
[theme.madsparrow.me/most/category/design/feed/index.html]
[theme.madsparrow.me/most/wp-json/wp/v2/categories/4.json]
[theme.madsparrow.me/most/understand-the-background-of-design/index.html]
[theme.madsparrow.me/most/wp-json/wp/v2/posts/27.json]
[theme.madsparrow.me/most/ux-design-is-shifting-towards-realism/feed/index.html]
[theme.madsparrow.me/most/wp-json/oembed/1.0/embed2921.json]
[theme.madsparrow.me/most/wp-json/oembed/1.0/embed0cc3]
[theme.madsparrow.me/most/wp-content/uploads/2022/08/sebastian-banasiewcz-CMs6ZGOdyho-unsplash-400x250.jpg]
[theme.madsparrow.me/most/wp-content/uploads/2022/08/charming-relaxed-gentle-young-woman-400x268.jpg]
[theme.madsparrow.me/most/ux-design-is-shifting-towards-realism/index.html]
[theme.madsparrow.me/most/category/events/index.html]
[theme.madsparrow.me/most/category/events/feed/index.html]
[theme.madsparrow.me/most/wp-json/wp/v2/categories/5.json]
[theme.madsparrow.me/most/x-reasons-why-youll-love-wordpress/index.html]
[theme.madsparrow.me/most/hello-world/index.html]
[theme.madsparrow.me/most/category/uncategorized/index.html]
[theme.madsparrow.me/most/wp-json/wp/v2/categories/1.json]
[theme.madsparrow.me/most/category/uncategorized/feed/index.html]
[theme.madsparrow.me/most/wp-json/wp/v2/posts/25.json]
[theme.madsparrow.me/most/best-tools-to-collect-design-inspiration-for-designers/feed/index.html]
[theme.madsparrow.me/most/wp-json/oembed/1.0/embed95c1.json]
[theme.madsparrow.me/most/best-tools-to-collect-design-inspiration-for-designers/index.html]
[theme.madsparrow.me/most/wp-json/oembed/1.0/embedcd11]
[theme.madsparrow.me/most/category/photography/index.html]
[theme.madsparrow.me/most/wp-content/uploads/elementor/css/post-1222152.css]
[theme.madsparrow.me/most/indexdb84.html]
[theme.madsparrow.me/most/wp-json/wp/v2/categories/6.json]
[theme.madsparrow.me/most/category/photography/feed/index.html]
[theme.madsparrow.me/most/author/mad-sparrow/index.html]
[theme.madsparrow.me/most/wp-json/wp/v2/users/1.json]
[theme.madsparrow.me/most/author/mad-sparrow/feed/index.html]
[theme.madsparrow.me/most/wp-json/wp/v2/posts/21.json]
[theme.madsparrow.me/most/how-to-create-a-nft-project-and-get-a-6000000/feed/index.html]
[theme.madsparrow.me/most/author/mad-sparrow/page/2/index.html]
[theme.madsparrow.me/most/wp-json/oembed/1.0/embeddd48.json]
[theme.madsparrow.me/most/wp-json/oembed/1.0/embed9dce]
[theme.madsparrow.me/most/wp-content/uploads/2022/08/interior-concept-memphis-design-colorful-armchair-with-console-prop-3d-render_156429-415-357x268.jpg]
[theme.madsparrow.me/most/how-to-create-a-nft-project-and-get-a-6000000/index.html]
[theme.madsparrow.me/most/wp-content/uploads/2022/08/portrait-beautiful-blonde-barbie-woman-perfect-makeup-tongue-sexy-licking-lip-donuts-earrings-1210x684.jpg]
[theme.madsparrow.me/most/wp-content/uploads/2022/08/charming-relaxed-gentle-young-woman-1210x684.jpg]
[theme.madsparrow.me/most/wp-content/uploads/2022/08/dee-copper-and-wild-XJBC_7VY37k-unsplash-1210x684.jpg]
[theme.madsparrow.me/most/blog-default/page/2/index.html]
[theme.madsparrow.me/most/wp-content/uploads/2022/08/fashionable-spacious-apartment-with-stylish-design-green-grey-white-pastel-colors-with-big-window-decorative-walls-bedroom-kitchen-space_267786-383-1210x684]
[theme.madsparrow.me/most/wp-content/uploads/2022/07/full-shot-travel-concept-with-landmarks-1210x684.jpg]
[theme.madsparrow.me/most/blog-default/page/3/index.html]
[theme.madsparrow.me/most/wp-json/wp/v2/posts/18.json]
[theme.madsparrow.me/most/top-10-things-to-keep-in-mind/feed/index.html]
[theme.madsparrow.me/most/wp-json/oembed/1.0/embed5814.json]
[theme.madsparrow.me/most/wp-json/oembed/1.0/embed1956]
[theme.madsparrow.me/most/wp-content/uploads/2022/07/full-shot-travel-concept-with-landmarks-400x225.jpg]
[theme.madsparrow.me/most/top-10-things-to-keep-in-mind/index.html]
[theme.madsparrow.me/most/category/wordpress/index.html]
[theme.madsparrow.me/most/wp-json/wp/v2/categories/7.json]
[theme.madsparrow.me/most/category/wordpress/feed/index.html]
[theme.madsparrow.me/most/tag/design/index.html]
[theme.madsparrow.me/most/tag/design/feed/index.html]
[theme.madsparrow.me/most/wp-json/wp/v2/tags/44.json]
[theme.madsparrow.me/most/tag/life-style/feed/index.html]
[theme.madsparrow.me/most/tag/life-style/index.html]
[theme.madsparrow.me/most/wp-json/wp/v2/tags/51.json]
[theme.madsparrow.me/most/tag/news/index.html]
[theme.madsparrow.me/most/wp-json/wp/v2/tags/46.json]
[theme.madsparrow.me/most/tag/news/feed/index.html]
[theme.madsparrow.me/most/tag/nft/index.html]
[theme.madsparrow.me/most/tag/nft/feed/index.html]
[theme.madsparrow.me/most/wp-json/wp/v2/tags/52.json]
[theme.madsparrow.me/most/tag/photography/index.html]
[theme.madsparrow.me/most/wp-json/wp/v2/tags/50.json]
[theme.madsparrow.me/most/tag/photography/feed/index.html]
[theme.madsparrow.me/most/tag/realism/index.html]
[theme.madsparrow.me/most/tag/realism/feed/index.html]
[theme.madsparrow.me/most/wp-json/wp/v2/tags/45.json]
[theme.madsparrow.me/most/tag/things/index.html]
[theme.madsparrow.me/most/wp-json/wp/v2/tags/53.json]
[theme.madsparrow.me/most/tag/things/feed/index.html]
[theme.madsparrow.me/most/tag/travel/index.html]
[theme.madsparrow.me/most/wp-json/wp/v2/tags/47.json]
[theme.madsparrow.me/most/tag/travel/feed/index.html]
[theme.madsparrow.me/most/tag/trend/index.html]
[theme.madsparrow.me/most/wp-json/wp/v2/tags/49.json]
[theme.madsparrow.me/most/tag/trend/feed/index.html]
[theme.madsparrow.me/most/tag/ux-ui-design/index.html]
[theme.madsparrow.me/most/wp-content/uploads/elementor/css/post-1485407.css]
[theme.madsparrow.me/most/indexa36b.html]
[theme.madsparrow.me/most/wp-json/wp/v2/tags/54.json]
[theme.madsparrow.me/most/tag/ux-ui-design/feed/index.html]
[theme.madsparrow.me/most/the-biggest-design-trends-of-2022/feed/index.html]
[theme.madsparrow.me/most/wp-json/wp/v2/posts/16.json]
[theme.madsparrow.me/most/wp-json/oembed/1.0/embed35d8.json]
[theme.madsparrow.me/most/wp-json/oembed/1.0/embedcf12]
[theme.madsparrow.me/most/wp-content/uploads/2022/08/cement-street-financial-downtown-shanghai-travel-400x268.jpg]
[theme.madsparrow.me/most/the-biggest-design-trends-of-2022/index.html]
[theme.madsparrow.me/most/blog-card/page/2/index.html]
[theme.madsparrow.me/most/wp-content/uploads/elementor/css/post-131b4c3.css]
[theme.madsparrow.me/most/indexd52d.html]
[theme.madsparrow.me/most/blog-list/page/2/index.html]
[theme.madsparrow.me/most/blog-list/page/3/index.html]
[theme.madsparrow.me/most/wp-content/uploads/elementor/css/post-14386bd.css]
[theme.madsparrow.me/most/indexdc22.html]
[theme.madsparrow.me/most/blog-list-3/page/2/index.html]
[theme.madsparrow.me/most/blog-list-3/page/3/index.html]
[theme.madsparrow.me/most/wp-content/uploads/elementor/css/post-136cf6c.css]
[theme.madsparrow.me/most/index9469.html]
[theme.madsparrow.me/most/blog-list-2/page/2/index.html]
[theme.madsparrow.me/most/blog-list-2/page/3/index.html]
[theme.madsparrow.me/most/wp-content/uploads/2022/10/noise_l1.png]
[theme.madsparrow.me/most/wp-content/uploads/elementor/css/post-7352af.css]
[theme.madsparrow.me/most/index8cae.html]
[theme.madsparrow.me/most/wp-content/plugins/elementor/assets/lib/animations/animations.min3cad.css]
[theme.madsparrow.me/most/wp-content/uploads/elementor/css/post-104a530.css]
[theme.madsparrow.me/most/index9430.html]
[theme.madsparrow.me/most/wp-content/uploads/elementor/css/post-25337a4.css]
[theme.madsparrow.me/most/index5ed0.html]
[theme.madsparrow.me/most/wp-content/uploads/elementor/css/post-234196f.css]
[theme.madsparrow.me/most/index6cd9.html]
[theme.madsparrow.me/most/wp-content/uploads/elementor/css/post-451533b.css]
[theme.madsparrow.me/most/indexc31c.html]
[theme.madsparrow.me/most/wp-content/uploads/elementor/css/post-19620e7e.css]
[theme.madsparrow.me/most/wp-content/plugins/elementor/assets/lib/font-awesome/webfonts/fa-brands-400.eot]
[theme.madsparrow.me/most/wp-content/plugins/elementor/assets/lib/font-awesome/webfonts/fa-brands-400d41d.eot]
[theme.madsparrow.me/most/wp-content/plugins/elementor/assets/lib/font-awesome/webfonts/fa-brands-400.woff2]
[theme.madsparrow.me/most/wp-content/plugins/elementor/assets/lib/font-awesome/webfonts/fa-brands-400.woff]
[theme.madsparrow.me/most/wp-content/plugins/elementor/assets/lib/font-awesome/webfonts/fa-brands-400.ttf]
[theme.madsparrow.me/most/wp-content/plugins/elementor/assets/lib/font-awesome/css/brands.min52d5.css]
[theme.madsparrow.me/most/indexbf5e.html]
[theme.madsparrow.me/most/wp-content/uploads/elementor/css/post-2221b09f.css]
[theme.madsparrow.me/most/index4775.html]
[theme.madsparrow.me/most/wp-content/uploads/elementor/css/post-2333dcf2.css]
[theme.madsparrow.me/most/index6015.html]
[theme.madsparrow.me/most/wp-content/uploads/elementor/css/post-2419b39b.css]
[theme.madsparrow.me/most/indexc8b6.html]
[theme.madsparrow.me/most/wp-content/uploads/elementor/css/post-7674cb1.css]
[theme.madsparrow.me/most/indexf66f.html]
[theme.madsparrow.me/most/wp-includes/css/dist/block-library/style.min109c.css]
[theme.madsparrow.me/most/wp-content/plugins/elementor/assets/lib/font-awesome/webfonts/fa-brands-400.svg]
[theme.madsparrow.me/most/product-category/run/index.html]
[theme.madsparrow.me/most/product-category/run/feed/index.html]
[theme.madsparrow.me/most/wp-json/wp/v2/product_cat/27.json]
[theme.madsparrow.me/most/product-category/run/index9413.html]
[theme.madsparrow.me/most/product-category/run/index42bb.html]
[theme.madsparrow.me/most/product-category/training/feed/index.html]
[theme.madsparrow.me/most/product-category/training/index.html]
[theme.madsparrow.me/most/wp-json/wp/v2/product_cat/29.json]
[theme.madsparrow.me/most/product-category/walking/feed/index.html]
[theme.madsparrow.me/most/product-category/walking/index.html]
[theme.madsparrow.me/most/wp-json/wp/v2/product_cat/30.json]
[theme.madsparrow.me/most/product-category/training/index7d1e.html]
[theme.madsparrow.me/most/product-category/training/indexbd18.html]
[theme.madsparrow.me/most/product-category/walking/indexb529.html]
[theme.madsparrow.me/most/product-category/walking/index6554.html]
[theme.madsparrow.me/most/product-category/workout/feed/index.html]
[theme.madsparrow.me/most/product-category/workout/index.html]
[theme.madsparrow.me/most/shop/index42bb.html]
[theme.madsparrow.me/most/wp-json/wp/v2/product_cat/28.json]
[theme.madsparrow.me/most/product/workout-revolution-2/feed/index.html]
[theme.madsparrow.me/most/wp-json/wp/v2/product/476.json]
[theme.madsparrow.me/most/product-category/workout/indexac03.html]
[theme.madsparrow.me/most/product-category/workout/index9413.html]
[theme.madsparrow.me/most/wp-json/oembed/1.0/embed83cd.json]
[theme.madsparrow.me/most/product/workout-revolution-2/index.html]
[theme.madsparrow.me/most/shop/indexac03.html]
[theme.madsparrow.me/most/wp-json/oembed/1.0/embeda4e5]
[theme.madsparrow.me/most/product/workout-revolution-2/indexb529.html]
[theme.madsparrow.me/most/product/workout-revolution-2/index9413.html]
[theme.madsparrow.me/most/product/workout-revolution-2/index6554.html]
[theme.madsparrow.me/most/product/workout-revolution-2/index42bb.html]
[theme.madsparrow.me/most/wp-json/wp/v2/product/478.json]
[theme.madsparrow.me/most/product/kl-17-bs/feed/index.html]
[theme.madsparrow.me/most/wp-json/oembed/1.0/embeda0f6.json]
[theme.madsparrow.me/most/product/kl-17-bs/index.html]
[theme.madsparrow.me/most/wp-json/oembed/1.0/embed794d]
[theme.madsparrow.me/most/shop/indexbd18.html]
[theme.madsparrow.me/most/product/kl-17-bs/index9413.html]
[theme.madsparrow.me/most/product/kl-17-bs/index6554.html]
[theme.madsparrow.me/most/product/kl-17-bs/index42bb.html]
[theme.madsparrow.me/most/product/kl-17-bs/indexb529.html]
[theme.madsparrow.me/most/wp-json/wp/v2/product/483.json]
[theme.madsparrow.me/most/product/flex-armour/feed/index.html]
[theme.madsparrow.me/most/wp-json/oembed/1.0/embed9f38.json]
[theme.madsparrow.me/most/product/flex-armour/index.html]
[theme.madsparrow.me/most/shop/indexb529.html]
[theme.madsparrow.me/most/wp-json/oembed/1.0/embed2b1a]
[theme.madsparrow.me/most/product/flex-armour/indexbd18.html]
[theme.madsparrow.me/most/product/flex-armour/index42bb.html]
[theme.madsparrow.me/most/product/flex-armour/indexac03.html]
[theme.madsparrow.me/most/product/flex-armour/index6554.html]
[theme.madsparrow.me/most/wp-json/wp/v2/product/481.json]
[theme.madsparrow.me/most/product/men-vision-trainers/feed/index.html]
[theme.madsparrow.me/most/wp-json/oembed/1.0/embeddd63.json]
[theme.madsparrow.me/most/wp-json/oembed/1.0/embed756a]
[theme.madsparrow.me/most/product/men-vision-trainers/index.html]
[theme.madsparrow.me/most/product/men-vision-trainers/index42bb.html]
[theme.madsparrow.me/most/product/men-vision-trainers/index9413.html]
[theme.madsparrow.me/most/product/men-vision-trainers/indexbd18.html]
[theme.madsparrow.me/most/product/men-vision-trainers/index6554.html]
[theme.madsparrow.me/most/shop/index7d1e.html]
[theme.madsparrow.me/most/wp-json/wp/v2/product/485.json]
[theme.madsparrow.me/most/product/react-falcon-3-0/feed/index.html]
[theme.madsparrow.me/most/wp-json/oembed/1.0/embed4082.json]
[theme.madsparrow.me/most/product/react-falcon-3-0/index.html]
[theme.madsparrow.me/most/wp-json/oembed/1.0/embedd794]
[theme.madsparrow.me/most/shop/index9413.html]
[theme.madsparrow.me/most/product/react-falcon-3-0/index6554.html]
[theme.madsparrow.me/most/product/react-falcon-3-0/indexb529.html]
[theme.madsparrow.me/most/product/react-falcon-3-0/index42bb.html]
[theme.madsparrow.me/most/product/react-falcon-3-0/indexac03.html]
[theme.madsparrow.me/most/shop/page/2/index.html]
[theme.madsparrow.me/most/product/summit-walking/feed/index.html]
[theme.madsparrow.me/most/wp-json/wp/v2/product/487.json]
[theme.madsparrow.me/most/shop/page/2/index6554.html]
[theme.madsparrow.me/most/wp-json/oembed/1.0/embed46bd.json]
[theme.madsparrow.me/most/product/summit-walking/index.html]
[theme.madsparrow.me/most/wp-json/oembed/1.0/embedff45]
[theme.madsparrow.me/most/product/summit-walking/index9413.html]
[theme.madsparrow.me/most/product/summit-walking/index7d1e.html]
[theme.madsparrow.me/most/product/summit-walking/indexbd18.html]
[theme.madsparrow.me/most/product/summit-walking/index42bb.html]
[theme.madsparrow.me/most/product-category/uncategorized/index.html]
[theme.madsparrow.me/most/wp-json/wp/v2/product_cat/26.json]
[theme.madsparrow.me/most/product-category/uncategorized/feed/index.html]
[theme.madsparrow.me/most/product-tag/life/feed/index.html]
[theme.madsparrow.me/most/product-tag/life/index.html]
[theme.madsparrow.me/most/wp-json/wp/v2/product_tag/33.json]
[theme.madsparrow.me/most/product-tag/life/index42bb.html]
[theme.madsparrow.me/most/product-tag/life/indexac03.html]
[theme.madsparrow.me/most/product-tag/life/indexbd18.html]
[theme.madsparrow.me/most/product-tag/life/indexb529.html]
[theme.madsparrow.me/most/wp-json/wp/v2/product_tag/32.json]
[theme.madsparrow.me/most/product-tag/move/index.html]
[theme.madsparrow.me/most/product-tag/life/index7d1e.html]
[theme.madsparrow.me/most/product-tag/life/index9413.html]
[theme.madsparrow.me/most/product-tag/life/page/2/index.html]
[theme.madsparrow.me/most/product-tag/move/feed/index.html]
[theme.madsparrow.me/most/product-tag/move/index42bb.html]
[theme.madsparrow.me/most/wp-json/wp/v2/product_tag/34.json]
[theme.madsparrow.me/most/product-tag/sport/index.html]
[theme.madsparrow.me/most/product-tag/move/indexac03.html]
[theme.madsparrow.me/most/product-tag/move/indexbd18.html]
[theme.madsparrow.me/most/product-tag/move/indexb529.html]
[theme.madsparrow.me/most/product-tag/move/index7d1e.html]
[theme.madsparrow.me/most/product-tag/move/index9413.html]
[theme.madsparrow.me/most/product-tag/move/page/2/index.html]
[theme.madsparrow.me/most/product-tag/trainers/index.html]
[theme.madsparrow.me/most/product-tag/sport/feed/index.html]
[theme.madsparrow.me/most/wp-json/wp/v2/product_tag/31.json]
[theme.madsparrow.me/most/index1beb.html]
[theme.madsparrow.me/most/product-tag/sport/index42bb.html]
[theme.madsparrow.me/most/product-tag/sport/indexac03.html]
[theme.madsparrow.me/most/product/run-max-88/index7d1e.html]
[theme.madsparrow.me/most/product-tag/sport/indexbd18.html]
[theme.madsparrow.me/most/product-tag/sport/indexb529.html]
[theme.madsparrow.me/most/product/run-max-88/indexac03.html]
[theme.madsparrow.me/most/product-tag/sport/index7d1e.html]
[theme.madsparrow.me/most/product-tag/trainers/feed/index.html]
[theme.madsparrow.me/most/product/run-max-88/index6554.html]
[theme.madsparrow.me/most/product-tag/sport/index9413.html]
[theme.madsparrow.me/most/product-tag/sport/page/2/index.html]
[theme.madsparrow.me/most/product/run-max-88/indexbd18.html]
[theme.madsparrow.me/most/product-tag/trainers/index42bb.html]
[theme.madsparrow.me/most/product-tag/trainers/indexac03.html]
[theme.madsparrow.me/most/wp-content/plugins/woocommerce/assets/css/select23b11.css]
[theme.madsparrow.me/most/product-tag/trainers/indexbd18.html]
[theme.madsparrow.me/most/product-tag/trainers/index7d1e.html]
[theme.madsparrow.me/most/product-tag/trainers/indexb529.html]
[theme.madsparrow.me/most/index30e3.html]
[theme.madsparrow.me/most/product-tag/trainers/index9413.html]
[theme.madsparrow.me/most/indexd0b8.html]
[theme.madsparrow.me/most/wp-includes/js/zxcvbn-async.min5152.js]
[theme.madsparrow.me/most/wp-includes/js/dist/hooks.min2757.js]
[theme.madsparrow.me/most/wp-includes/js/dist/i18n.minc33c.js]
[theme.madsparrow.me/most/product-tag/trainers/page/2/index.html]
[theme.madsparrow.me/most/product/run-max-88/indexb529.html]
[theme.madsparrow.me/most/product/run-max-88/index9413.html]
[theme.madsparrow.me/most/wp-admin/js/password-strength-meter.min109c.js]
[theme.madsparrow.me/most/wp-content/plugins/woocommerce/assets/js/frontend/password-strength-meter.min3b11.js]
[theme.madsparrow.me/most/wp-content/plugins/woocommerce/assets/js/frontend/lost-password.min3b11.js]
[theme.madsparrow.me/most/my-account/lost-password/index.html]
[theme.madsparrow.me/most/wp-content/uploads/2022/10/old.webp]
[theme.madsparrow.me/most/wp-content/uploads/elementor/css/post-56385b.css]
[theme.madsparrow.me/most/index2dc8.html]
[theme.madsparrow.me/most/wp-content/uploads/elementor/css/post-55dff9.css]
[theme.madsparrow.me/most/index8054.html]
[theme.madsparrow.me/most/wp-content/uploads/elementor/css/post-542470.css]
[theme.madsparrow.me/most/indexcc0f.html]
[theme.madsparrow.me/most/wp-content/uploads/elementor/css/post-5307b2.css]
[theme.madsparrow.me/most/index5fb3.html]
[theme.madsparrow.me/most/wp-content/uploads/elementor/css/post-5167ae.css]
[theme.madsparrow.me/most/index8cf7.html]
[theme.madsparrow.me/most/wp-content/uploads/elementor/css/post-5038a9.css]
[theme.madsparrow.me/most/index6aed.html]
[theme.madsparrow.me/most/wp-content/uploads/elementor/css/post-4982c2.css]
[theme.madsparrow.me/most/wp-content/plugins/elementor/assets/lib/font-awesome/webfonts/fa-regular-400.eot]
[theme.madsparrow.me/most/wp-content/plugins/elementor/assets/lib/font-awesome/webfonts/fa-regular-400d41d.eot]
[theme.madsparrow.me/most/wp-content/plugins/elementor/assets/lib/font-awesome/webfonts/fa-regular-400.woff2]
[theme.madsparrow.me/most/wp-content/plugins/elementor/assets/lib/font-awesome/webfonts/fa-regular-400.woff]
[theme.madsparrow.me/most/wp-content/plugins/elementor/assets/lib/font-awesome/webfonts/fa-regular-400.ttf]
[theme.madsparrow.me/most/wp-content/plugins/elementor/assets/lib/font-awesome/css/regular.min52d5.css]
[theme.madsparrow.me/most/index0012.html]
[theme.madsparrow.me/most/wp-content/uploads/elementor/css/post-48f02c.css]
[theme.madsparrow.me/most/index94b0.html]
[theme.madsparrow.me/most/wp-content/uploads/elementor/css/post-47e85a.css]
[theme.madsparrow.me/most/indexcb30.html]
[theme.madsparrow.me/most/wp-content/plugins/elementor/assets/lib/font-awesome/webfonts/fa-solid-900.svg]
[theme.madsparrow.me/most/wp-content/uploads/2022/10/elipse_bg_most.svg]
[theme.madsparrow.me/most/index9cd7.html]
[theme.madsparrow.me/most/wp-content/plugins/elementor/assets/lib/font-awesome/webfonts/fa-regular-400.svg]
[theme.madsparrow.me/most/wp-json/wp/v2/posts/12.json]
[theme.madsparrow.me/most/understand-the-background-of-design/feed/index.html]
[theme.madsparrow.me/most/wp-json/oembed/1.0/embedebef.json]
[theme.madsparrow.me/most/wp-json/oembed/1.0/embed5679]
[theme.madsparrow.me/most/wp-content/uploads/2022/08/stock-photo-1036415740-383x268.jpg]
[theme.madsparrow.me/most/understand-the-background-of-design/index.html]
[theme.madsparrow.me/most/index1c4a.html]
[theme.madsparrow.me/most/wp-json/wp/v2/posts/14.json]
[theme.madsparrow.me/most/x-reasons-why-youll-love-wordpress/feed/index.html]
[theme.madsparrow.me/most/wp-json/oembed/1.0/embed2a8e.json]
[theme.madsparrow.me/most/x-reasons-why-youll-love-wordpress/index.html]
[theme.madsparrow.me/most/wp-json/oembed/1.0/embed9ce7]
[theme.madsparrow.me/most/hello-world/feed/index.html]
[theme.madsparrow.me/most/wp-json/wp/v2/posts/1.json]
[theme.madsparrow.me/most/wp-json/oembed/1.0/embede9a0.json]
[theme.madsparrow.me/most/wp-json/oembed/1.0/embed55a3]
[theme.madsparrow.me/most/wp-content/uploads/2022/08/portrait-beautiful-blonde-barbie-woman-perfect-makeup-tongue-sexy-licking-lip-donuts-earrings-400x268.jpg]
[theme.madsparrow.me/most/hello-world/index.html]
[theme.madsparrow.me/most/index970c.html]
[theme.madsparrow.me/most/author/mad-sparrow/page/2/index.html]
[theme.madsparrow.me/most/index3965.html]
[theme.madsparrow.me/most/index0735.html]
[theme.madsparrow.me/most/index0e62.html]
[theme.madsparrow.me/most/wp-content/plugins/elementor/assets/lib/font-awesome/webfonts/fa-brands-400.svg]
[theme.madsparrow.me/most/product-category/run/index42bb.html]
[theme.madsparrow.me/most/product-category/run/index9413.html]
[theme.madsparrow.me/most/product-category/training/indexbd18.html]
[theme.madsparrow.me/most/product-category/training/index7d1e.html]
[theme.madsparrow.me/most/product-category/walking/indexb529.html]
[theme.madsparrow.me/most/product-category/walking/index6554.html]
[theme.madsparrow.me/most/product-category/workout/indexac03.html]
[theme.madsparrow.me/most/product-category/workout/index9413.html]
[theme.madsparrow.me/most/index2847.html]
[theme.madsparrow.me/most/product/workout-revolution-2/index9413.html]
[theme.madsparrow.me/most/product/workout-revolution-2/indexb529.html]
[theme.madsparrow.me/most/product/workout-revolution-2/index42bb.html]
[theme.madsparrow.me/most/product/workout-revolution-2/index6554.html]
[theme.madsparrow.me/most/index50ba.html]
[theme.madsparrow.me/most/product/kl-17-bs/index9413.html]
[theme.madsparrow.me/most/hello-world/index6809.html]
[theme.madsparrow.me/most/product/kl-17-bs/index6554.html]
[theme.madsparrow.me/most/product/workout-revolution-2/index7d1e.html]
[theme.madsparrow.me/most/product/kl-17-bs/index42bb.html]
[theme.madsparrow.me/most/product/kl-17-bs/indexb529.html]
[theme.madsparrow.me/most/index3758.html]
[theme.madsparrow.me/most/product/flex-armour/index6554.html]
[theme.madsparrow.me/most/product/kl-17-bs/indexac03.html]
[theme.madsparrow.me/most/product/workout-revolution-2/indexbd18.html]
[theme.madsparrow.me/most/product/flex-armour/index42bb.html]
[theme.madsparrow.me/most/product/flex-armour/indexbd18.html]
[theme.madsparrow.me/most/product/flex-armour/indexac03.html]
[theme.madsparrow.me/most/indexf705.html]
[theme.madsparrow.me/most/product/men-vision-trainers/indexbd18.html]
[theme.madsparrow.me/most/product/kl-17-bs/index7d1e.html]
[theme.madsparrow.me/most/product/men-vision-trainers/index42bb.html]
[theme.madsparrow.me/most/product/flex-armour/index7d1e.html]
[theme.madsparrow.me/most/product/men-vision-trainers/index9413.html]
[theme.madsparrow.me/most/product/men-vision-trainers/index6554.html]
[theme.madsparrow.me/most/indexca96.html]
[theme.madsparrow.me/most/product/react-falcon-3-0/index6554.html]
[theme.madsparrow.me/most/product/flex-armour/index9413.html]
[theme.madsparrow.me/most/product/men-vision-trainers/indexb529.html]
[theme.madsparrow.me/most/product/react-falcon-3-0/index42bb.html]
[theme.madsparrow.me/most/product/men-vision-trainers/indexac03.html]
[theme.madsparrow.me/most/product/react-falcon-3-0/indexb529.html]
[theme.madsparrow.me/most/product/react-falcon-3-0/indexac03.html]
[theme.madsparrow.me/most/shop/page/2/index6554.html]
[theme.madsparrow.me/most/shop/page/1/index.html]
[theme.madsparrow.me/most/indexe3b6.html]
[theme.madsparrow.me/most/product/summit-walking/index7d1e.html]
[theme.madsparrow.me/most/product/summit-walking/index42bb.html]
[theme.madsparrow.me/most/product/react-falcon-3-0/indexbd18.html]
[theme.madsparrow.me/most/product/summit-walking/index9413.html]
[theme.madsparrow.me/most/product/summit-walking/indexbd18.html]
[theme.madsparrow.me/most/product-tag/life/index42bb.html]
[theme.madsparrow.me/most/product-tag/life/indexac03.html]
[theme.madsparrow.me/most/product-tag/life/indexbd18.html]
[theme.madsparrow.me/most/product-tag/life/indexb529.html]
[theme.madsparrow.me/most/product-tag/life/index7d1e.html]
[theme.madsparrow.me/most/product-tag/life/index9413.html]
[theme.madsparrow.me/most/product-tag/life/page/2/index.html]
[theme.madsparrow.me/most/product/react-falcon-3-0/index7d1e.html]
[theme.madsparrow.me/most/product-tag/move/index42bb.html]
[theme.madsparrow.me/most/product/summit-walking/indexb529.html]
[theme.madsparrow.me/most/product/summit-walking/indexac03.html]
[theme.madsparrow.me/most/product-tag/move/indexac03.html]
[theme.madsparrow.me/most/product-tag/move/indexbd18.html]
[theme.madsparrow.me/most/product-tag/move/indexb529.html]
[theme.madsparrow.me/most/product-tag/move/index7d1e.html]
[theme.madsparrow.me/most/product-tag/move/index9413.html]
[theme.madsparrow.me/most/product-tag/move/page/2/index.html]
[theme.madsparrow.me/most/product-tag/life/page/2/index6554.html]
[theme.madsparrow.me/most/product-tag/sport/index42bb.html]
[theme.madsparrow.me/most/product-tag/sport/indexac03.html]
[theme.madsparrow.me/most/product-tag/sport/indexbd18.html]
[theme.madsparrow.me/most/product-tag/sport/indexb529.html]
[theme.madsparrow.me/most/product-tag/sport/index7d1e.html]
[theme.madsparrow.me/most/product-tag/sport/index9413.html]
[theme.madsparrow.me/most/product-tag/sport/page/2/index.html]
[theme.madsparrow.me/most/product-tag/move/page/2/index6554.html]
[theme.madsparrow.me/most/product-tag/trainers/index42bb.html]
[theme.madsparrow.me/most/product-tag/sport/page/2/index6554.html]
[theme.madsparrow.me/most/product-tag/trainers/indexac03.html]
[theme.madsparrow.me/most/product-tag/trainers/indexbd18.html]
[theme.madsparrow.me/most/product-tag/trainers/indexb529.html]
[theme.madsparrow.me/most/product-tag/trainers/index7d1e.html]
[theme.madsparrow.me/most/product-tag/trainers/index9413.html]
[theme.madsparrow.me/most/product-tag/trainers/page/2/index.html]
[theme.madsparrow.me/most/product-tag/trainers/page/2/index6554.html]
[theme.madsparrow.me/most/product/run-max-88/index9413.html]
[theme.madsparrow.me/most/product/run-max-88/indexb529.html]
[theme.madsparrow.me/most/wp-content/plugins/elementor/assets/lib/font-awesome/webfonts/fa-regular-400.svg]
[theme.madsparrow.me/most/index678b.html]
[theme.madsparrow.me/most/index0b69.html]
[theme.madsparrow.me/most/indexcff1.html]
[theme.madsparrow.me/most/hello-world/index6809.html]
[theme.madsparrow.me/most/product/workout-revolution-2/index7d1e.html]
[theme.madsparrow.me/most/product/workout-revolution-2/indexbd18.html]
[theme.madsparrow.me/most/product/kl-17-bs/indexac03.html]
[theme.madsparrow.me/most/product/kl-17-bs/index7d1e.html]
[theme.madsparrow.me/most/product/flex-armour/index7d1e.html]
[theme.madsparrow.me/most/product/flex-armour/index9413.html]
[theme.madsparrow.me/most/product/men-vision-trainers/indexb529.html]
[theme.madsparrow.me/most/product/men-vision-trainers/indexac03.html]
[theme.madsparrow.me/most/product/react-falcon-3-0/indexbd18.html]
[theme.madsparrow.me/most/product/react-falcon-3-0/index7d1e.html]
[theme.madsparrow.me/most/product/summit-walking/indexac03.html]
[theme.madsparrow.me/most/product/summit-walking/indexb529.html]
[theme.madsparrow.me/most/product-tag/life/page/2/index6554.html]
[theme.madsparrow.me/most/product-tag/life/page/1/index.html]
[theme.madsparrow.me/most/product-tag/move/page/2/index6554.html]
[theme.madsparrow.me/most/product-tag/move/page/1/index.html]
[theme.madsparrow.me/most/product-tag/sport/page/2/index6554.html]
[theme.madsparrow.me/most/product-tag/sport/page/1/index.html]
[theme.madsparrow.me/most/product-tag/trainers/page/2/index6554.html]
[theme.madsparrow.me/most/product-tag/trainers/page/1/index.html]
